###############################################################
### ERROR[ 9]: WARNING: duplicate entries attempted
###############################################################
 D[002] |/server/main.js
 I[009] |import '/imports/startup/both';
 E[000] |DEP
        |/imports/startup/both/routes.js
---------------------------------------------------------------
 D[238] |/imports/ui/templates/layout/navigation/navigation.js
 I[009] |import { timers } from '/lib/const';
 E[001] |DEP
        |/lib/const.js
---------------------------------------------------------------
###############################################################
### ERROR[ 6]: Unexpected error! please investigate!
###############################################################
 D[411] |/features/step_definitions/tags-steps.js
 I[002] |require('/imports/api/tags/Tags').Tags.findOne({text: title});
 E[004] |2
        |/imports/api/tags/Tags
---------------------------------------------------------------
 D[420] |/features/step_definitions/support/models/ideas.js
 I[002] |require('/imports/api/contracts/Contracts').Contracts.findOne(query);
 E[005] |2
        |/imports/api/contracts/Contracts
---------------------------------------------------------------
